[2026-01-19 14:16:08] system: Connexion DB établie {"host":"localhost","base":"gestion_academique_ecole"}
[2026-01-19 14:16:08] system: Module database chargé {"version":"1.0.0"}
[2026-01-19 14:16:08] system: Module auth chargé {"version":"1.0.0"}
[2026-01-19 14:16:08] system: Connexion DB établie {"host":"localhost","base":"gestion_academique_ecole"}
[2026-01-19 14:16:08] system: Module database chargé {"version":"1.0.0"}
[2026-01-19 14:16:08] system: Module auth chargé {"version":"1.0.0"}
[2026-01-19 14:16:24] system: Connexion DB établie {"host":"localhost","base":"gestion_academique_ecole"}
[2026-01-19 14:16:24] system: Module database chargé {"version":"1.0.0"}
[2026-01-19 14:16:24] system: Module auth chargé {"version":"1.0.0"}
[2026-01-19 14:16:26] database: Query MODIFY {"sql":"INSERT INTO login_attempts (ip_address, identifiant, success, reason, user_agent) \r\n         VALUES (:ip, :identifiant, :success, :reason, :user_agent)","params":{"ip":"127.0.0.1","identifiant":"superadmin","success":0,"reason":"Mot de passe incorrect","user_agent":"Mozilla\/5.0 (Windows NT 10.0; Win64; x64; rv:147.0) Gecko\/20100101 Firefox\/147.0"},"affected":1}
[2026-01-19 14:16:26] security: Tentative de connexion {"ip":"127.0.0.1","identifiant":"superadmin","success":false,"reason":"Mot de passe incorrect","attempts":1}
[2026-01-19 14:16:42] system: Connexion DB établie {"host":"localhost","base":"gestion_academique_ecole"}
[2026-01-19 14:16:42] system: Module database chargé {"version":"1.0.0"}
[2026-01-19 14:16:42] system: Module auth chargé {"version":"1.0.0"}
[2026-01-19 14:16:42] database: Query MODIFY {"sql":"UPDATE user_admins \r\n             SET dernier_login = NOW(), \r\n                 statut = 'actif' \r\n             WHERE user_id = :id","params":{"id":1},"affected":1}
[2026-01-19 14:16:43] database: Query MODIFY {"sql":"INSERT INTO login_attempts (ip_address, identifiant, success, reason, user_agent) \r\n         VALUES (:ip, :identifiant, :success, :reason, :user_agent)","params":{"ip":"127.0.0.1","identifiant":"superadmin","success":1,"reason":"Connexion réussie","user_agent":"Mozilla\/5.0 (Windows NT 10.0; Win64; x64; rv:147.0) Gecko\/20100101 Firefox\/147.0"},"affected":1}
[2026-01-19 14:16:43] security: Tentative de connexion {"ip":"127.0.0.1","identifiant":"superadmin","success":true,"reason":"Connexion réussie","attempts":null}
[2026-01-19 14:16:43] auth: Connexion {"user_id":1,"role":"superadmin"}
[2026-01-19 14:16:45] system: Connexion DB établie {"host":"localhost","base":"gestion_academique_ecole"}
[2026-01-19 14:16:45] system: Module database chargé {"version":"1.0.0"}
[2026-01-19 14:16:45] system: Module auth chargé {"version":"1.0.0"}
[2026-01-19 14:16:57] system: Connexion DB établie {"host":"localhost","base":"gestion_academique_ecole"}
[2026-01-19 14:16:57] system: Module database chargé {"version":"1.0.0"}
[2026-01-19 14:16:57] system: Module auth chargé {"version":"1.0.0"}
[2026-01-19 14:16:58] database: Query MODIFY {"sql":"INSERT INTO logs (user_id, niveau_log, categorie, action, details, ip_address, user_agent)\r\n                VALUES (:user_id, :niveau, :categorie, :action, :details, :ip_address, :user_agent)","params":{"user_id":1,"niveau":"6","categorie":"system","action":"Module administration chargé","details":"{\"version\":\"1.0.0\"}","ip_address":"127.0.0.1","user_agent":"Mozilla\/5.0 (Windows NT 10.0; Win64; x64; rv:147.0) Gecko\/20100101 Firefox\/147.0"},"affected":1}
[2026-01-19 14:16:58] database: Query SELECT {"sql":"SELECT * FROM user_admins WHERE deleted_at IS NULL ORDER BY date_creation DESC","params":[],"row_count":2}
[2026-01-19 14:16:58] database: Query SELECT {"sql":"SELECT u.* FROM user_admins u \r\n            WHERE u.statut = :statut \r\n            AND u.deleted_at IS NULL","params":{"statut":"actif"},"row_count":2}
[2026-01-19 14:16:58] database: Query SELECT {"sql":"SELECT u.* FROM user_admins u \r\n            WHERE u.statut = :statut \r\n            AND u.deleted_at IS NULL","params":{"statut":"inactif"},"row_count":0}
[2026-01-19 14:16:58] database: Query SELECT {"sql":"SELECT u.* FROM user_admins u \r\n            WHERE u.statut = :statut \r\n            AND u.deleted_at IS NULL","params":{"statut":"suspendu"},"row_count":0}
[2026-01-19 14:17:03] system: Connexion DB établie {"host":"localhost","base":"gestion_academique_ecole"}
[2026-01-19 14:17:03] system: Module database chargé {"version":"1.0.0"}
[2026-01-19 14:17:03] system: Module auth chargé {"version":"1.0.0"}
[2026-01-19 14:17:03] auth: Déconnexion {"user_id":1,"identifiant":"superadmin"}
[2026-01-19 14:17:03] auth: Déconnexion {"user_id":1}
[2026-01-19 14:17:06] system: Connexion DB établie {"host":"localhost","base":"gestion_academique_ecole"}
[2026-01-19 14:17:06] system: Module database chargé {"version":"1.0.0"}
[2026-01-19 14:17:06] system: Module auth chargé {"version":"1.0.0"}
[2026-01-19 14:17:59] system: Connexion DB établie {"host":"localhost","base":"gestion_academique_ecole"}
[2026-01-19 14:17:59] system: Module database chargé {"version":"1.0.0"}
[2026-01-19 14:17:59] system: Module auth chargé {"version":"1.0.0"}
[2026-01-19 14:17:59] database: Query MODIFY {"sql":"INSERT INTO login_attempts (ip_address, identifiant, success, reason, user_agent) \r\n         VALUES (:ip, :identifiant, :success, :reason, :user_agent)","params":{"ip":"127.0.0.1","identifiant":"superadmin","success":0,"reason":"Mot de passe incorrect","user_agent":"Mozilla\/5.0 (Windows NT 10.0; Win64; x64; rv:147.0) Gecko\/20100101 Firefox\/147.0"},"affected":1}
[2026-01-19 14:17:59] security: Tentative de connexion {"ip":"127.0.0.1","identifiant":"superadmin","success":false,"reason":"Mot de passe incorrect","attempts":1}
[2026-01-19 14:18:09] system: Connexion DB établie {"host":"localhost","base":"gestion_academique_ecole"}
[2026-01-19 14:18:09] system: Module database chargé {"version":"1.0.0"}
[2026-01-19 14:18:09] system: Module auth chargé {"version":"1.0.0"}
[2026-01-19 14:18:10] database: Query MODIFY {"sql":"UPDATE user_admins \r\n             SET dernier_login = NOW(), \r\n                 statut = 'actif' \r\n             WHERE user_id = :id","params":{"id":1},"affected":1}
[2026-01-19 14:18:10] database: Query MODIFY {"sql":"INSERT INTO login_attempts (ip_address, identifiant, success, reason, user_agent) \r\n         VALUES (:ip, :identifiant, :success, :reason, :user_agent)","params":{"ip":"127.0.0.1","identifiant":"superadmin","success":1,"reason":"Connexion réussie","user_agent":"Mozilla\/5.0 (Windows NT 10.0; Win64; x64; rv:147.0) Gecko\/20100101 Firefox\/147.0"},"affected":1}
[2026-01-19 14:18:10] security: Tentative de connexion {"ip":"127.0.0.1","identifiant":"superadmin","success":true,"reason":"Connexion réussie","attempts":null}
[2026-01-19 14:18:10] auth: Connexion {"user_id":1,"role":"superadmin"}
[2026-01-19 14:18:12] system: Connexion DB établie {"host":"localhost","base":"gestion_academique_ecole"}
[2026-01-19 14:18:12] system: Module database chargé {"version":"1.0.0"}
[2026-01-19 14:18:12] system: Module auth chargé {"version":"1.0.0"}
