[2026-01-18 18:20:44] system: Connexion DB établie {"host":"localhost","base":"gestion_academique_ecole"}
[2026-01-18 18:20:44] system: Module database chargé {"version":"1.0.0"}
[2026-01-18 18:20:44] system: Module auth chargé {"version":"1.0.0"}
[2026-01-18 18:20:44] database: Query MODIFY {"sql":"INSERT INTO logs (user_id, niveau_log, categorie, action, details, ip_address, user_agent)\r\n                VALUES (:user_id, :niveau, :categorie, :action, :details, :ip_address, :user_agent)","params":{"user_id":1,"niveau":"6","categorie":"system","action":"Module administration chargé","details":"{\"version\":\"1.0.0\"}","ip_address":"127.0.0.1","user_agent":"Mozilla\/5.0 (Windows NT 10.0; Win64; x64; rv:146.0) Gecko\/20100101 Firefox\/146.0"},"affected":1}
[2026-01-18 18:20:53] system: Connexion DB établie {"host":"localhost","base":"gestion_academique_ecole"}
[2026-01-18 18:20:53] system: Module database chargé {"version":"1.0.0"}
[2026-01-18 18:20:53] system: Module auth chargé {"version":"1.0.0"}
[2026-01-18 18:20:54] database: Query MODIFY {"sql":"INSERT INTO logs (user_id, niveau_log, categorie, action, details, ip_address, user_agent)\r\n                VALUES (:user_id, :niveau, :categorie, :action, :details, :ip_address, :user_agent)","params":{"user_id":1,"niveau":"6","categorie":"system","action":"Module administration chargé","details":"{\"version\":\"1.0.0\"}","ip_address":"127.0.0.1","user_agent":"Mozilla\/5.0 (Windows NT 10.0; Win64; x64; rv:146.0) Gecko\/20100101 Firefox\/146.0"},"affected":1}
[2026-01-18 18:21:11] system: Connexion DB établie {"host":"localhost","base":"gestion_academique_ecole"}
[2026-01-18 18:21:11] system: Module database chargé {"version":"1.0.0"}
[2026-01-18 18:21:11] system: Module auth chargé {"version":"1.0.0"}
[2026-01-18 18:21:12] database: Query MODIFY {"sql":"INSERT INTO logs (user_id, niveau_log, categorie, action, details, ip_address, user_agent)\r\n                VALUES (:user_id, :niveau, :categorie, :action, :details, :ip_address, :user_agent)","params":{"user_id":1,"niveau":"6","categorie":"system","action":"Module administration chargé","details":"{\"version\":\"1.0.0\"}","ip_address":"127.0.0.1","user_agent":"Mozilla\/5.0 (Windows NT 10.0; Win64; x64; rv:146.0) Gecko\/20100101 Firefox\/146.0"},"affected":1}
[2026-01-18 18:21:38] system: Connexion DB établie {"host":"localhost","base":"gestion_academique_ecole"}
[2026-01-18 18:21:38] system: Module database chargé {"version":"1.0.0"}
[2026-01-18 18:21:38] system: Module auth chargé {"version":"1.0.0"}
[2026-01-18 18:21:39] database: Query MODIFY {"sql":"INSERT INTO logs (user_id, niveau_log, categorie, action, details, ip_address, user_agent)\r\n                VALUES (:user_id, :niveau, :categorie, :action, :details, :ip_address, :user_agent)","params":{"user_id":1,"niveau":"6","categorie":"system","action":"Module administration chargé","details":"{\"version\":\"1.0.0\"}","ip_address":"127.0.0.1","user_agent":"Mozilla\/5.0 (Windows NT 10.0; Win64; x64; rv:146.0) Gecko\/20100101 Firefox\/146.0"},"affected":1}
[2026-01-18 18:27:22] system: Connexion DB établie {"host":"localhost","base":"gestion_academique_ecole"}
[2026-01-18 18:27:22] system: Module database chargé {"version":"1.0.0"}
[2026-01-18 18:27:22] system: Module auth chargé {"version":"1.0.0"}
[2026-01-18 18:27:22] database: Query MODIFY {"sql":"INSERT INTO logs (user_id, niveau_log, categorie, action, details, ip_address, user_agent)\r\n                VALUES (:user_id, :niveau, :categorie, :action, :details, :ip_address, :user_agent)","params":{"user_id":1,"niveau":"6","categorie":"system","action":"Module administration chargé","details":"{\"version\":\"1.0.0\"}","ip_address":"127.0.0.1","user_agent":"Mozilla\/5.0 (Windows NT 10.0; Win64; x64; rv:146.0) Gecko\/20100101 Firefox\/146.0"},"affected":1}
[2026-01-18 18:32:11] system: Connexion DB établie {"host":"localhost","base":"gestion_academique_ecole"}
[2026-01-18 18:32:11] system: Module database chargé {"version":"1.0.0"}
[2026-01-18 18:32:11] system: Module auth chargé {"version":"1.0.0"}
[2026-01-18 18:32:11] database: Query MODIFY {"sql":"INSERT INTO logs (user_id, niveau_log, categorie, action, details, ip_address, user_agent)\r\n                VALUES (:user_id, :niveau, :categorie, :action, :details, :ip_address, :user_agent)","params":{"user_id":1,"niveau":"6","categorie":"system","action":"Module administration chargé","details":"{\"version\":\"1.0.0\"}","ip_address":"127.0.0.1","user_agent":"Mozilla\/5.0 (Windows NT 10.0; Win64; x64; rv:146.0) Gecko\/20100101 Firefox\/146.0"},"affected":1}
[2026-01-18 18:32:55] system: Connexion DB établie {"host":"localhost","base":"gestion_academique_ecole"}
[2026-01-18 18:32:55] system: Module database chargé {"version":"1.0.0"}
[2026-01-18 18:32:55] system: Module auth chargé {"version":"1.0.0"}
[2026-01-18 18:32:55] database: Query MODIFY {"sql":"INSERT INTO logs (user_id, niveau_log, categorie, action, details, ip_address, user_agent)\r\n                VALUES (:user_id, :niveau, :categorie, :action, :details, :ip_address, :user_agent)","params":{"user_id":1,"niveau":"6","categorie":"system","action":"Module administration chargé","details":"{\"version\":\"1.0.0\"}","ip_address":"127.0.0.1","user_agent":"Mozilla\/5.0 (Windows NT 10.0; Win64; x64; rv:146.0) Gecko\/20100101 Firefox\/146.0"},"affected":1}
[2026-01-18 18:33:51] system: Connexion DB établie {"host":"localhost","base":"gestion_academique_ecole"}
[2026-01-18 18:33:51] system: Module database chargé {"version":"1.0.0"}
[2026-01-18 18:33:51] system: Module auth chargé {"version":"1.0.0"}
[2026-01-18 18:33:51] database: Query MODIFY {"sql":"INSERT INTO logs (user_id, niveau_log, categorie, action, details, ip_address, user_agent)\r\n                VALUES (:user_id, :niveau, :categorie, :action, :details, :ip_address, :user_agent)","params":{"user_id":1,"niveau":"6","categorie":"system","action":"Module administration chargé","details":"{\"version\":\"1.0.0\"}","ip_address":"127.0.0.1","user_agent":"Mozilla\/5.0 (Windows NT 10.0; Win64; x64; rv:146.0) Gecko\/20100101 Firefox\/146.0"},"affected":1}
[2026-01-18 18:34:19] system: Connexion DB établie {"host":"localhost","base":"gestion_academique_ecole"}
[2026-01-18 18:34:19] system: Module database chargé {"version":"1.0.0"}
[2026-01-18 18:34:19] system: Module auth chargé {"version":"1.0.0"}
[2026-01-18 18:34:20] database: Query MODIFY {"sql":"INSERT INTO logs (user_id, niveau_log, categorie, action, details, ip_address, user_agent)\r\n                VALUES (:user_id, :niveau, :categorie, :action, :details, :ip_address, :user_agent)","params":{"user_id":1,"niveau":"6","categorie":"system","action":"Module administration chargé","details":"{\"version\":\"1.0.0\"}","ip_address":"127.0.0.1","user_agent":"Mozilla\/5.0 (Windows NT 10.0; Win64; x64; rv:146.0) Gecko\/20100101 Firefox\/146.0"},"affected":1}
[2026-01-18 18:34:20] error: Erreur PDO {"categorie":"database","action":"error","details":{"code":"42S22","message":"SQLSTATE[42S22]: Column not found: 1054 Unknown column 'created_by' in 'field list'","sql":"INSERT INTO user_admins (uuid, identifiant, email, mot_de_passe, nom, prenom, telephone, role, permissions, statut, created_by) VALUES (:uuid, :identifiant, :email, :mot_de_passe, :nom, :prenom, :telephone, :role, :permissions, :statut, :created_by)","params":{"uuid":"707ea87f9510df044daae991fd3946dcb339","identifiant":"calvinmutimanwa","email":"mumu@biu.bi","mot_de_passe":"******","nom":"calvin","prenom":"Mutimanwa","telephone":"+243999337306","role":"admin","permissions":"[]","statut":"actif","created_by":1},"trace":"#0 C:\\xampp\\htdocs\\lavision\\app\\includes\\core\\database.php(150): PDO->prepare('INSERT INTO use...')\n#1 C:\\xampp\\htdocs\\lavision\\app\\includes\\core\\database.php(344): Database->execute('INSERT INTO use...', Array)\n#2 C:\\xampp\\htdocs\\lavision\\app\\includes\\modules\\administration\\utilisateurs.php(280): db_execute('INSERT INTO use...', Array)\n#3 C:\\xampp\\htdocs\\lavision\\app\\includes\\pages\\administration\\utilisateurs\\ajoutModification.php(130): admin_creer_utilisateur(Array)\n#4 C:\\xampp\\htdocs\\lavision\\app\\includes\\core\\router.php(127): require_once('C:\\\\xampp\\\\htdocs...')\n#5 C:\\xampp\\htdocs\\lavision\\app\\public\\index.php(38): load_page('administration\/...')\n#6 {main}"}}
[2026-01-18 18:38:07] system: Connexion DB établie {"host":"localhost","base":"gestion_academique_ecole"}
[2026-01-18 18:38:07] system: Module database chargé {"version":"1.0.0"}
[2026-01-18 18:38:07] system: Module auth chargé {"version":"1.0.0"}
[2026-01-18 18:38:07] database: Query MODIFY {"sql":"INSERT INTO logs (user_id, niveau_log, categorie, action, details, ip_address, user_agent)\r\n                VALUES (:user_id, :niveau, :categorie, :action, :details, :ip_address, :user_agent)","params":{"user_id":1,"niveau":"6","categorie":"system","action":"Module administration chargé","details":"{\"version\":\"1.0.0\"}","ip_address":"127.0.0.1","user_agent":"Mozilla\/5.0 (Windows NT 10.0; Win64; x64; rv:146.0) Gecko\/20100101 Firefox\/146.0"},"affected":1}
[2026-01-18 18:38:08] database: Query MODIFY {"sql":"INSERT INTO user_admins (uuid, identifiant, email, mot_de_passe, nom, prenom, telephone, role, permissions, statut) VALUES (:uuid, :identifiant, :email, :mot_de_passe, :nom, :prenom, :telephone, :role, :permissions, :statut)","params":{"uuid":"86ad2747b98b3f92a8c99e27afb0d418496e","identifiant":"calvinmutimanwa","email":"mumu@biu.bi","mot_de_passe":"******","nom":"calvin","prenom":"Mutimanwa","telephone":"+243999337306","role":"admin","permissions":"[]","statut":"actif"},"affected":1}
[2026-01-18 18:38:08] user: Utilisateur créé {"user_id":"2","identifiant":"calvinmutimanwa","email":"mumu@biu.bi","role":"admin","par_utilisateur":1}
[2026-01-18 18:38:50] system: Connexion DB établie {"host":"localhost","base":"gestion_academique_ecole"}
[2026-01-18 18:38:50] system: Module database chargé {"version":"1.0.0"}
[2026-01-18 18:38:50] system: Module auth chargé {"version":"1.0.0"}
[2026-01-18 18:38:50] auth: Déconnexion {"user_id":1,"identifiant":"superadmin"}
[2026-01-18 18:38:50] auth: Déconnexion {"user_id":1}
[2026-01-18 18:38:52] system: Connexion DB établie {"host":"localhost","base":"gestion_academique_ecole"}
[2026-01-18 18:38:52] system: Module database chargé {"version":"1.0.0"}
[2026-01-18 18:38:52] system: Module auth chargé {"version":"1.0.0"}
[2026-01-18 18:39:13] system: Connexion DB établie {"host":"localhost","base":"gestion_academique_ecole"}
[2026-01-18 18:39:13] system: Module database chargé {"version":"1.0.0"}
[2026-01-18 18:39:13] system: Module auth chargé {"version":"1.0.0"}
[2026-01-18 18:39:14] database: Query MODIFY {"sql":"UPDATE user_admins SET mot_de_passe = :hash WHERE user_id = :id","params":{"hash":"$2y$10$KdtS9oUlhCzS2Ca86I2uHucZYJckWp6H5HQMOsc9BTBYm8wMQgnta","id":2},"affected":1}
[2026-01-18 18:39:14] database: Query MODIFY {"sql":"UPDATE user_admins \r\n             SET dernier_login = NOW(), \r\n                 statut = 'actif' \r\n             WHERE user_id = :id","params":{"id":2},"affected":1}
[2026-01-18 18:39:14] database: Query MODIFY {"sql":"INSERT INTO login_attempts (ip_address, identifiant, success, reason, user_agent) \r\n         VALUES (:ip, :identifiant, :success, :reason, :user_agent)","params":{"ip":"127.0.0.1","identifiant":"calvinmutimanwa","success":1,"reason":"Connexion réussie","user_agent":"Mozilla\/5.0 (Windows NT 10.0; Win64; x64; rv:146.0) Gecko\/20100101 Firefox\/146.0"},"affected":1}
[2026-01-18 18:39:14] security: Tentative de connexion {"ip":"127.0.0.1","identifiant":"calvinmutimanwa","success":true,"reason":"Connexion réussie","attempts":null}
[2026-01-18 18:39:14] auth: Connexion {"user_id":2,"role":"admin"}
[2026-01-18 18:39:16] system: Connexion DB établie {"host":"localhost","base":"gestion_academique_ecole"}
[2026-01-18 18:39:16] system: Module database chargé {"version":"1.0.0"}
[2026-01-18 18:39:16] system: Module auth chargé {"version":"1.0.0"}
[2026-01-18 18:39:23] system: Connexion DB établie {"host":"localhost","base":"gestion_academique_ecole"}
[2026-01-18 18:39:23] system: Module database chargé {"version":"1.0.0"}
[2026-01-18 18:39:23] system: Module auth chargé {"version":"1.0.0"}
[2026-01-18 18:39:41] system: Connexion DB établie {"host":"localhost","base":"gestion_academique_ecole"}
[2026-01-18 18:39:41] system: Module database chargé {"version":"1.0.0"}
[2026-01-18 18:39:41] system: Module auth chargé {"version":"1.0.0"}
[2026-01-18 18:39:42] database: Query MODIFY {"sql":"INSERT INTO logs (user_id, niveau_log, categorie, action, details, ip_address, user_agent)\r\n                VALUES (:user_id, :niveau, :categorie, :action, :details, :ip_address, :user_agent)","params":{"user_id":2,"niveau":"6","categorie":"system","action":"Module administration chargé","details":"{\"version\":\"1.0.0\"}","ip_address":"127.0.0.1","user_agent":"Mozilla\/5.0 (Windows NT 10.0; Win64; x64; rv:146.0) Gecko\/20100101 Firefox\/146.0"},"affected":1}
[2026-01-18 18:39:42] system: Connexion DB établie {"host":"localhost","base":"gestion_academique_ecole"}
[2026-01-18 18:39:42] system: Module database chargé {"version":"1.0.0"}
[2026-01-18 18:39:42] system: Module auth chargé {"version":"1.0.0"}
[2026-01-18 18:39:42] system: Connexion DB établie {"host":"localhost","base":"gestion_academique_ecole"}
[2026-01-18 18:39:42] system: Module database chargé {"version":"1.0.0"}
[2026-01-18 18:39:42] system: Module auth chargé {"version":"1.0.0"}
[2026-01-18 18:39:47] system: Connexion DB établie {"host":"localhost","base":"gestion_academique_ecole"}
[2026-01-18 18:39:47] system: Module database chargé {"version":"1.0.0"}
[2026-01-18 18:39:47] system: Module auth chargé {"version":"1.0.0"}
[2026-01-18 18:39:47] database: Query MODIFY {"sql":"INSERT INTO logs (user_id, niveau_log, categorie, action, details, ip_address, user_agent)\r\n                VALUES (:user_id, :niveau, :categorie, :action, :details, :ip_address, :user_agent)","params":{"user_id":2,"niveau":"6","categorie":"system","action":"Module administration chargé","details":"{\"version\":\"1.0.0\"}","ip_address":"127.0.0.1","user_agent":"Mozilla\/5.0 (Windows NT 10.0; Win64; x64; rv:146.0) Gecko\/20100101 Firefox\/146.0"},"affected":1}
[2026-01-18 18:39:47] system: Connexion DB établie {"host":"localhost","base":"gestion_academique_ecole"}
[2026-01-18 18:39:47] system: Module database chargé {"version":"1.0.0"}
[2026-01-18 18:39:47] system: Module auth chargé {"version":"1.0.0"}
[2026-01-18 18:39:47] system: Connexion DB établie {"host":"localhost","base":"gestion_academique_ecole"}
[2026-01-18 18:39:47] system: Module database chargé {"version":"1.0.0"}
[2026-01-18 18:39:47] system: Module auth chargé {"version":"1.0.0"}
[2026-01-18 18:44:04] system: Connexion DB établie {"host":"localhost","base":"gestion_academique_ecole"}
[2026-01-18 18:44:04] system: Module database chargé {"version":"1.0.0"}
[2026-01-18 18:44:04] system: Module auth chargé {"version":"1.0.0"}
[2026-01-18 18:44:04] auth: Déconnexion {"user_id":2,"identifiant":"calvinmutimanwa"}
[2026-01-18 18:44:04] auth: Déconnexion {"user_id":2}
[2026-01-18 18:44:21] system: Connexion DB établie {"host":"localhost","base":"gestion_academique_ecole"}
[2026-01-18 18:44:21] system: Module database chargé {"version":"1.0.0"}
[2026-01-18 18:44:21] system: Module auth chargé {"version":"1.0.0"}
[2026-01-18 18:45:05] system: Connexion DB établie {"host":"localhost","base":"gestion_academique_ecole"}
[2026-01-18 18:45:05] system: Module database chargé {"version":"1.0.0"}
[2026-01-18 18:45:05] system: Module auth chargé {"version":"1.0.0"}
[2026-01-18 18:45:05] database: Query MODIFY {"sql":"UPDATE user_admins \r\n             SET dernier_login = NOW(), \r\n                 statut = 'actif' \r\n             WHERE user_id = :id","params":{"id":1},"affected":1}
[2026-01-18 18:45:05] database: Query MODIFY {"sql":"INSERT INTO login_attempts (ip_address, identifiant, success, reason, user_agent) \r\n         VALUES (:ip, :identifiant, :success, :reason, :user_agent)","params":{"ip":"127.0.0.1","identifiant":"superadmin","success":1,"reason":"Connexion réussie","user_agent":"Mozilla\/5.0 (Windows NT 10.0; Win64; x64; rv:146.0) Gecko\/20100101 Firefox\/146.0"},"affected":1}
[2026-01-18 18:45:05] security: Tentative de connexion {"ip":"127.0.0.1","identifiant":"superadmin","success":true,"reason":"Connexion réussie","attempts":null}
[2026-01-18 18:45:05] auth: Connexion {"user_id":1,"role":"superadmin"}
[2026-01-18 18:45:07] system: Connexion DB établie {"host":"localhost","base":"gestion_academique_ecole"}
[2026-01-18 18:45:07] system: Module database chargé {"version":"1.0.0"}
[2026-01-18 18:45:07] system: Module auth chargé {"version":"1.0.0"}
[2026-01-18 18:45:17] system: Connexion DB établie {"host":"localhost","base":"gestion_academique_ecole"}
[2026-01-18 18:45:17] system: Module database chargé {"version":"1.0.0"}
[2026-01-18 18:45:17] system: Module auth chargé {"version":"1.0.0"}
[2026-01-18 18:45:17] database: Query MODIFY {"sql":"INSERT INTO logs (user_id, niveau_log, categorie, action, details, ip_address, user_agent)\r\n                VALUES (:user_id, :niveau, :categorie, :action, :details, :ip_address, :user_agent)","params":{"user_id":1,"niveau":"6","categorie":"system","action":"Module administration chargé","details":"{\"version\":\"1.0.0\"}","ip_address":"127.0.0.1","user_agent":"Mozilla\/5.0 (Windows NT 10.0; Win64; x64; rv:146.0) Gecko\/20100101 Firefox\/146.0"},"affected":1}
[2026-01-18 18:45:17] database: Query SELECT {"sql":"SELECT * FROM user_admins WHERE deleted_at IS NULL ORDER BY date_creation DESC","params":[],"row_count":2}
[2026-01-18 18:45:17] database: Query SELECT {"sql":"SELECT u.* FROM user_admins u \r\n            WHERE u.statut = :statut \r\n            AND u.deleted_at IS NULL","params":{"statut":"actif"},"row_count":2}
[2026-01-18 18:45:17] database: Query SELECT {"sql":"SELECT u.* FROM user_admins u \r\n            WHERE u.statut = :statut \r\n            AND u.deleted_at IS NULL","params":{"statut":"inactif"},"row_count":0}
[2026-01-18 18:45:17] database: Query SELECT {"sql":"SELECT u.* FROM user_admins u \r\n            WHERE u.statut = :statut \r\n            AND u.deleted_at IS NULL","params":{"statut":"suspendu"},"row_count":0}
[2026-01-18 18:46:14] system: Connexion DB établie {"host":"localhost","base":"gestion_academique_ecole"}
[2026-01-18 18:46:14] system: Module database chargé {"version":"1.0.0"}
[2026-01-18 18:46:14] system: Module auth chargé {"version":"1.0.0"}
[2026-01-18 18:46:14] database: Query MODIFY {"sql":"INSERT INTO logs (user_id, niveau_log, categorie, action, details, ip_address, user_agent)\r\n                VALUES (:user_id, :niveau, :categorie, :action, :details, :ip_address, :user_agent)","params":{"user_id":1,"niveau":"6","categorie":"system","action":"Module administration chargé","details":"{\"version\":\"1.0.0\"}","ip_address":"127.0.0.1","user_agent":"Mozilla\/5.0 (Windows NT 10.0; Win64; x64; rv:146.0) Gecko\/20100101 Firefox\/146.0"},"affected":1}
[2026-01-18 18:46:14] database: Query SELECT {"sql":"SELECT session_id, ip_address, user_agent, last_activity, expires_at\r\n            FROM user_sessions\r\n            WHERE user_id = :user_id\r\n            AND expires_at > NOW()\r\n            ORDER BY last_activity DESC","params":{"user_id":2},"row_count":0}
[2026-01-18 18:46:14] database: Query SELECT {"sql":"SELECT COUNT(*) as count, DATE(dernier_login) as date\r\n                       FROM user_admins\r\n                       WHERE user_id = :user_id\r\n                       AND dernier_login IS NOT NULL\r\n                       AND dernier_login >= DATE_SUB(NOW(), INTERVAL 30 DAY)\r\n                       GROUP BY DATE(dernier_login)\r\n                       ORDER BY date DESC","params":{"user_id":2},"row_count":1}
[2026-01-18 18:46:14] database: Query SELECT {"sql":"SELECT action, categorie, date_action, details\r\n                    FROM logs\r\n                    WHERE user_id = :user_id\r\n                    AND date_action >= DATE_SUB(NOW(), INTERVAL 7 DAY)\r\n                    ORDER BY date_action DESC\r\n                    LIMIT 50","params":{"user_id":2},"row_count":2}
[2026-01-18 18:46:14] database: Query SELECT {"sql":"SELECT SQL_CALC_FOUND_ROWS \r\n                   l.*,\r\n                   u.identifiant, u.nom as user_nom, u.prenom as user_prenom\r\n            FROM logs l\r\n            LEFT JOIN user_admins u ON l.user_id = u.user_id\r\n            WHERE 1=1 AND l.user_id = :user_id ORDER BY l.date_action DESC LIMIT :limit OFFSET :offset","params":{"user_id":2,"limit":10,"offset":0},"row_count":2}
[2026-01-18 18:47:08] system: Connexion DB établie {"host":"localhost","base":"gestion_academique_ecole"}
[2026-01-18 18:47:08] system: Module database chargé {"version":"1.0.0"}
[2026-01-18 18:47:08] system: Module auth chargé {"version":"1.0.0"}
[2026-01-18 18:47:09] database: Query MODIFY {"sql":"INSERT INTO logs (user_id, niveau_log, categorie, action, details, ip_address, user_agent)\r\n                VALUES (:user_id, :niveau, :categorie, :action, :details, :ip_address, :user_agent)","params":{"user_id":1,"niveau":"6","categorie":"system","action":"Module administration chargé","details":"{\"version\":\"1.0.0\"}","ip_address":"127.0.0.1","user_agent":"Mozilla\/5.0 (Windows NT 10.0; Win64; x64; rv:146.0) Gecko\/20100101 Firefox\/146.0"},"affected":1}
[2026-01-18 18:47:09] database: Query SELECT {"sql":"SELECT * FROM user_admins WHERE deleted_at IS NULL ORDER BY date_creation DESC","params":[],"row_count":2}
[2026-01-18 18:47:09] database: Query SELECT {"sql":"SELECT u.* FROM user_admins u \r\n            WHERE u.statut = :statut \r\n            AND u.deleted_at IS NULL","params":{"statut":"actif"},"row_count":2}
[2026-01-18 18:47:09] database: Query SELECT {"sql":"SELECT u.* FROM user_admins u \r\n            WHERE u.statut = :statut \r\n            AND u.deleted_at IS NULL","params":{"statut":"inactif"},"row_count":0}
[2026-01-18 18:47:09] database: Query SELECT {"sql":"SELECT u.* FROM user_admins u \r\n            WHERE u.statut = :statut \r\n            AND u.deleted_at IS NULL","params":{"statut":"suspendu"},"row_count":0}
[2026-01-18 18:47:16] system: Connexion DB établie {"host":"localhost","base":"gestion_academique_ecole"}
[2026-01-18 18:47:16] system: Module database chargé {"version":"1.0.0"}
[2026-01-18 18:47:16] system: Module auth chargé {"version":"1.0.0"}
[2026-01-18 18:47:17] database: Query MODIFY {"sql":"INSERT INTO logs (user_id, niveau_log, categorie, action, details, ip_address, user_agent)\r\n                VALUES (:user_id, :niveau, :categorie, :action, :details, :ip_address, :user_agent)","params":{"user_id":1,"niveau":"6","categorie":"system","action":"Module administration chargé","details":"{\"version\":\"1.0.0\"}","ip_address":"127.0.0.1","user_agent":"Mozilla\/5.0 (Windows NT 10.0; Win64; x64; rv:146.0) Gecko\/20100101 Firefox\/146.0"},"affected":1}
[2026-01-18 18:47:17] database: Query SELECT {"sql":"SELECT session_id, ip_address, user_agent, last_activity, expires_at\r\n            FROM user_sessions\r\n            WHERE user_id = :user_id\r\n            AND expires_at > NOW()\r\n            ORDER BY last_activity DESC","params":{"user_id":2},"row_count":0}
[2026-01-18 18:47:17] database: Query SELECT {"sql":"SELECT COUNT(*) as count, DATE(dernier_login) as date\r\n                       FROM user_admins\r\n                       WHERE user_id = :user_id\r\n                       AND dernier_login IS NOT NULL\r\n                       AND dernier_login >= DATE_SUB(NOW(), INTERVAL 30 DAY)\r\n                       GROUP BY DATE(dernier_login)\r\n                       ORDER BY date DESC","params":{"user_id":2},"row_count":1}
[2026-01-18 18:47:17] database: Query SELECT {"sql":"SELECT action, categorie, date_action, details\r\n                    FROM logs\r\n                    WHERE user_id = :user_id\r\n                    AND date_action >= DATE_SUB(NOW(), INTERVAL 7 DAY)\r\n                    ORDER BY date_action DESC\r\n                    LIMIT 50","params":{"user_id":2},"row_count":2}
[2026-01-18 18:47:55] system: Connexion DB établie {"host":"localhost","base":"gestion_academique_ecole"}
[2026-01-18 18:47:55] system: Module database chargé {"version":"1.0.0"}
[2026-01-18 18:47:55] system: Module auth chargé {"version":"1.0.0"}
[2026-01-18 18:47:55] database: Query MODIFY {"sql":"INSERT INTO logs (user_id, niveau_log, categorie, action, details, ip_address, user_agent)\r\n                VALUES (:user_id, :niveau, :categorie, :action, :details, :ip_address, :user_agent)","params":{"user_id":1,"niveau":"6","categorie":"system","action":"Module administration chargé","details":"{\"version\":\"1.0.0\"}","ip_address":"127.0.0.1","user_agent":"Mozilla\/5.0 (Windows NT 10.0; Win64; x64; rv:146.0) Gecko\/20100101 Firefox\/146.0"},"affected":1}
[2026-01-18 18:47:55] database: Query SELECT {"sql":"SELECT session_id, ip_address, user_agent, last_activity, expires_at\r\n            FROM user_sessions\r\n            WHERE user_id = :user_id\r\n            AND expires_at > NOW()\r\n            ORDER BY last_activity DESC","params":{"user_id":2},"row_count":0}
[2026-01-18 18:47:55] database: Query SELECT {"sql":"SELECT COUNT(*) as count, DATE(dernier_login) as date\r\n                       FROM user_admins\r\n                       WHERE user_id = :user_id\r\n                       AND dernier_login IS NOT NULL\r\n                       AND dernier_login >= DATE_SUB(NOW(), INTERVAL 30 DAY)\r\n                       GROUP BY DATE(dernier_login)\r\n                       ORDER BY date DESC","params":{"user_id":2},"row_count":1}
[2026-01-18 18:47:55] database: Query SELECT {"sql":"SELECT action, categorie, date_action, details\r\n                    FROM logs\r\n                    WHERE user_id = :user_id\r\n                    AND date_action >= DATE_SUB(NOW(), INTERVAL 7 DAY)\r\n                    ORDER BY date_action DESC\r\n                    LIMIT 50","params":{"user_id":2},"row_count":2}
[2026-01-18 19:41:41] system: Connexion DB établie {"host":"localhost","base":"gestion_academique_ecole"}
[2026-01-18 19:41:41] system: Module database chargé {"version":"1.0.0"}
[2026-01-18 19:41:41] system: Module auth chargé {"version":"1.0.0"}
[2026-01-18 19:42:05] system: Connexion DB établie {"host":"localhost","base":"gestion_academique_ecole"}
[2026-01-18 19:42:05] system: Module database chargé {"version":"1.0.0"}
[2026-01-18 19:42:05] system: Module auth chargé {"version":"1.0.0"}
[2026-01-18 19:43:00] system: Connexion DB établie {"host":"localhost","base":"gestion_academique_ecole"}
[2026-01-18 19:43:00] system: Module database chargé {"version":"1.0.0"}
[2026-01-18 19:43:00] system: Module auth chargé {"version":"1.0.0"}
[2026-01-18 19:43:00] database: Query MODIFY {"sql":"INSERT INTO logs (user_id, niveau_log, categorie, action, details, ip_address, user_agent)\r\n                VALUES (:user_id, :niveau, :categorie, :action, :details, :ip_address, :user_agent)","params":{"user_id":1,"niveau":"6","categorie":"system","action":"Module administration chargé","details":"{\"version\":\"1.0.0\"}","ip_address":"127.0.0.1","user_agent":"Mozilla\/5.0 (Windows NT 10.0; Win64; x64; rv:147.0) Gecko\/20100101 Firefox\/147.0"},"affected":1}
[2026-01-18 19:43:00] database: Query SELECT {"sql":"SELECT * FROM user_admins WHERE deleted_at IS NULL ORDER BY date_creation DESC","params":[],"row_count":2}
[2026-01-18 19:43:00] database: Query SELECT {"sql":"SELECT u.* FROM user_admins u \r\n            WHERE u.statut = :statut \r\n            AND u.deleted_at IS NULL","params":{"statut":"actif"},"row_count":2}
[2026-01-18 19:43:00] database: Query SELECT {"sql":"SELECT u.* FROM user_admins u \r\n            WHERE u.statut = :statut \r\n            AND u.deleted_at IS NULL","params":{"statut":"inactif"},"row_count":0}
[2026-01-18 19:43:00] database: Query SELECT {"sql":"SELECT u.* FROM user_admins u \r\n            WHERE u.statut = :statut \r\n            AND u.deleted_at IS NULL","params":{"statut":"suspendu"},"row_count":0}
[2026-01-18 19:43:29] system: Connexion DB établie {"host":"localhost","base":"gestion_academique_ecole"}
[2026-01-18 19:43:29] system: Module database chargé {"version":"1.0.0"}
[2026-01-18 19:43:29] system: Module auth chargé {"version":"1.0.0"}
[2026-01-18 19:43:30] database: Query MODIFY {"sql":"INSERT INTO logs (user_id, niveau_log, categorie, action, details, ip_address, user_agent)\r\n                VALUES (:user_id, :niveau, :categorie, :action, :details, :ip_address, :user_agent)","params":{"user_id":1,"niveau":"6","categorie":"system","action":"Module administration chargé","details":"{\"version\":\"1.0.0\"}","ip_address":"127.0.0.1","user_agent":"Mozilla\/5.0 (Windows NT 10.0; Win64; x64; rv:147.0) Gecko\/20100101 Firefox\/147.0"},"affected":1}
[2026-01-18 19:43:30] database: Query SELECT {"sql":"SELECT session_id, ip_address, user_agent, last_activity, expires_at\r\n            FROM user_sessions\r\n            WHERE user_id = :user_id\r\n            AND expires_at > NOW()\r\n            ORDER BY last_activity DESC","params":{"user_id":2},"row_count":0}
[2026-01-18 19:43:30] database: Query SELECT {"sql":"SELECT COUNT(*) as count, DATE(dernier_login) as date\r\n                       FROM user_admins\r\n                       WHERE user_id = :user_id\r\n                       AND dernier_login IS NOT NULL\r\n                       AND dernier_login >= DATE_SUB(NOW(), INTERVAL 30 DAY)\r\n                       GROUP BY DATE(dernier_login)\r\n                       ORDER BY date DESC","params":{"user_id":2},"row_count":1}
[2026-01-18 19:43:30] database: Query SELECT {"sql":"SELECT action, categorie, date_action, details\r\n                    FROM logs\r\n                    WHERE user_id = :user_id\r\n                    AND date_action >= DATE_SUB(NOW(), INTERVAL 7 DAY)\r\n                    ORDER BY date_action DESC\r\n                    LIMIT 50","params":{"user_id":2},"row_count":2}
[2026-01-18 19:43:53] system: Connexion DB établie {"host":"localhost","base":"gestion_academique_ecole"}
[2026-01-18 19:43:53] system: Module database chargé {"version":"1.0.0"}
[2026-01-18 19:43:53] system: Module auth chargé {"version":"1.0.0"}
[2026-01-18 19:44:03] system: Connexion DB établie {"host":"localhost","base":"gestion_academique_ecole"}
[2026-01-18 19:44:03] system: Module database chargé {"version":"1.0.0"}
[2026-01-18 19:44:03] system: Module auth chargé {"version":"1.0.0"}
[2026-01-18 19:44:04] system: Connexion DB établie {"host":"localhost","base":"gestion_academique_ecole"}
[2026-01-18 19:44:04] system: Module database chargé {"version":"1.0.0"}
[2026-01-18 19:44:04] system: Module auth chargé {"version":"1.0.0"}
[2026-01-18 19:44:08] system: Connexion DB établie {"host":"localhost","base":"gestion_academique_ecole"}
[2026-01-18 19:44:08] system: Module database chargé {"version":"1.0.0"}
[2026-01-18 19:44:08] system: Module auth chargé {"version":"1.0.0"}
[2026-01-18 19:48:48] system: Connexion DB établie {"host":"localhost","base":"gestion_academique_ecole"}
[2026-01-18 19:48:48] system: Module database chargé {"version":"1.0.0"}
[2026-01-18 19:48:48] system: Module auth chargé {"version":"1.0.0"}
[2026-01-18 19:48:59] system: Connexion DB établie {"host":"localhost","base":"gestion_academique_ecole"}
[2026-01-18 19:48:59] system: Module database chargé {"version":"1.0.0"}
[2026-01-18 19:48:59] system: Module auth chargé {"version":"1.0.0"}
[2026-01-18 19:49:30] system: Connexion DB établie {"host":"localhost","base":"gestion_academique_ecole"}
[2026-01-18 19:49:30] system: Module database chargé {"version":"1.0.0"}
[2026-01-18 19:49:30] system: Module auth chargé {"version":"1.0.0"}
[2026-01-18 19:50:32] system: Connexion DB établie {"host":"localhost","base":"gestion_academique_ecole"}
[2026-01-18 19:50:32] system: Module database chargé {"version":"1.0.0"}
[2026-01-18 19:50:32] system: Module auth chargé {"version":"1.0.0"}
